Stripping html tags


null => java.lang.NullPointerException
 => 
plain text => plain text
<> => 
this is <b>important</b> => this is important
