[true, NO_TESTS] => [main] INFO  lars.katas.untangled.Pipeline - No tests
[main] INFO  lars.katas.untangled.Pipeline - Deployment successful
[main] INFO  lars.katas.untangled.Pipeline - Email disabled 
[true, PASSING_TESTS] => [main] INFO  lars.katas.untangled.Pipeline - Tests passed
[main] INFO  lars.katas.untangled.Pipeline - Deployment successful
[main] INFO  lars.katas.untangled.Pipeline - Email disabled 
[true, FAILING_TESTS] => [main] ERROR lars.katas.untangled.Pipeline - Tests failed
[main] INFO  lars.katas.untangled.Pipeline - Email disabled 
[false, NO_TESTS] => [main] INFO  lars.katas.untangled.Pipeline - No tests
[main] ERROR lars.katas.untangled.Pipeline - Deployment failed
[main] INFO  lars.katas.untangled.Pipeline - Email disabled 
[false, PASSING_TESTS] => [main] INFO  lars.katas.untangled.Pipeline - Tests passed
[main] ERROR lars.katas.untangled.Pipeline - Deployment failed
[main] INFO  lars.katas.untangled.Pipeline - Email disabled 
[false, FAILING_TESTS] => [main] ERROR lars.katas.untangled.Pipeline - Tests failed
[main] INFO  lars.katas.untangled.Pipeline - Email disabled 
